// Jest Snapshot v1, https://goo.gl/fbAQLP

exports[`NavBar component renders snapshot 1`] = `
<DocumentFragment>
  <div
    class="nav-bar"
  >
    <a
      aria-current="page"
      class="logo active"
      data-testid="homeLink"
      href="/"
    >
      React Records
    </a>
    <div
      class="nav-links"
    >
      <a
        class=""
        href="/shop"
      >
        Shop
      </a>
      <a
        class=""
        href="/about"
      >
        About
      </a>
      <a
        class=""
        href="/contact"
      >
        Contact
      </a>
    </div>
  </div>
</DocumentFragment>
`;
